event.error: psrp6agx4e
